Microchip MPLAB XC8 Compiler V3.00

Linker command line:

-W-3 \
  --edf=C:\Program Files\Microchip\xc8\v3.00\pic\dat\20241204225717_en.msgs \
  -cn -h+dist/default/production\PIC16F628_K-RT_V2.1.3_pub.production.sym \
  --cmf=dist/default/production\PIC16F628_K-RT_V2.1.3_pub.production.cmf -z \
  -Q16F628 -oC:\Users\Simon\AppData\Local\Temp\xcAsoj0.\driver_tmp_3.o \
  --defsym=__MPLAB_BUILD=1 --fixupoverflow=error \
  -Mdist/default/production/PIC16F628_K-RT_V2.1.3_pub.production.map \
  --md=C:\Users\Simon\AppData\Local\Temp\xcAsoj0.\driver_tmp_0.dat -E1 \
  -ver=XC8 Compiler -ACODE=00h-07FFh -ASTRCODE=00h-07FFh \
  -ASTRING=00h-0FFhx8 -ACONST=00h-0FFhx8 -AENTRY=00h-0FFhx8 \
  -ACOMMON=070h-07Fh -ABANK0=020h-06Fh -ABANK1=0A0h-0EFh \
  -ABANK2=0120h-014Fh -ARAM=020h-06Fh,0A0h-0EFh,0120h-014Fh \
  -AABS1=020h-07Fh,0A0h-0EFh,0120h-014Fh -ASFR0=00h-01Fh -ASFR1=080h-09Fh \
  -ASFR2=0100h-011Fh -ASFR3=0180h-01EFh -ACONFIG=02007h-02007h -DCONFIG=2 \
  -AIDLOC=02000h-02003h -DIDLOC=2 -AEEDATA=00h-07Fh/02100h \
  -peeprom_data=EEDATA -DEEDATA=2 -DCODE=2 -DSTRCODE=2 -DSTRING=2 -DCONST=2 \
  -DENTRY=2 -preset_vec=00h,intentry=04h,sivt,init,end_init -ppowerup=CODE \
  -pcinit=CODE -pfunctab=ENTRY -k \
  C:\Users\Simon\AppData\Local\Temp\xcAsoj0.\driver_tmp_12.o \
  dist/default/production\PIC16F628_K-RT_V2.1.3_pub.production.o 

Object code version is 3.11

Machine type is 16F628



                Name                               Link     Load   Length Selector   Space Scale
C:\Users\Simon\AppData\Local\Temp\xcAsoj0.\driver_tmp_12.o
                end_init                              E        E        1        8       0
                reset_vec                             0        0        1        0       0
                config                             2007     2007        1        0       4
dist/default/production\PIC16F628_K-RT_V2.1.3_pub.production.o
                cinit                                 F        F       17        8       0
                intentry                              4        4        A        8       0
                config                             2007     2007        1        0       4
                text53                              3E9      3E9       2E        8       0
                text52                              601      601        4        8       0
                text51                              46E      46E       2A        8       0
                text50                              5FD      5FD        4        8       0
                text49                              444      444       2A        8       0
                text48                              5CC      5CC        5        8       0
                text47                              613      613        1        8       0
                text46                              5C7      5C7        5        8       0
                text45                              612      612        1        8       0
                text44                              5C2      5C2        5        8       0
                text43                              58D      58D        E        8       0
                text42                              5F9      5F9        4        8       0
                text41                              59B      59B        C        8       0
                text40                               26       26      1D8        8       0
                text39                              5F5      5F5        4        8       0
                text38                              5F1      5F1        4        8       0
                text37                              5ED      5ED        4        8       0
                text36                              5E9      5E9        4        8       0
                text35                              5E5      5E5        4        8       0
                text34                              609      609        2        8       0
                text33                              5E1      5E1        4        8       0
                text32                              5DD      5DD        4        8       0
                text31                              607      607        2        8       0
                text30                              5D9      5D9        4        8       0
                text29                              5D5      5D5        4        8       0
                text28                              57D      57D       10        8       0
                text27                              1FE      1FE       60        8       0
                text26                              5D1      5D1        4        8       0
                text25                              3B9      3B9       30        8       0
                text24                              4C0      4C0       23        8       0
                text23                              31A      31A       38        8       0
                text22                              5B6      5B6        7        8       0
                text21                              5AF      5AF        7        8       0
                text20                              51B      51B       1B        8       0
                text19                              387      387       32        8       0
                text18                              352      352       35        8       0
                text17                              611      611        1        8       0
                text16                              498      498       28        8       0
                text15                              536      536       15        8       0
                text14                              605      605        2        8       0
                text13                              56D      56D       10        8       0
                text12                              610      610        1        8       0
                text11                              60F      60F        1        8       0
                text10                              60E      60E        1        8       0
                text9                               55C      55C       11        8       0
                text8                               2BC      2BC       5E        8       0
                text7                               60D      60D        1        8       0
                text6                               54B      54B       11        8       0
                text5                               60C      60C        1        8       0
                text4                               60B      60B        1        8       0
                text3                               25E      25E       5E        8       0
                text2                               4FF      4FF       1C        8       0
                text1                               4E3      4E3       1C        8       0
                maintext                            417      417       2D        8       0
                cstackBANK0                          64       64        5       20       1
                cstackCOMMON                         70       70        C       70       1
                clrtext                             5A7      5A7        8        8       0
                bssBANK1                             A0       A0        8       A0       1
                dataBANK0                            5F       5F        5       20       1
                bssBANK0                             20       20       3F       20       1
                bssCOMMON                            7C       7C        2       70       1
                idataBANK0                          5BD      5BD        5        8       0

TOTAL           Name                               Link     Load   Length     Space
        CLASS   CODE           
                end_init                              E        E        1         0
                cinit                                 F        F       17         0
                intentry                              4        4        A         0
                reset_vec                             0        0        1         0
                text53                              3E9      3E9       2E         0
                text52                              601      601        4         0
                text51                              46E      46E       2A         0
                text50                              5FD      5FD        4         0
                text49                              444      444       2A         0
                text48                              5CC      5CC        5         0
                text47                              613      613        1         0
                text46                              5C7      5C7        5         0
                text45                              612      612        1         0
                text44                              5C2      5C2        5         0
                text43                              58D      58D        E         0
                text42                              5F9      5F9        4         0
                text41                              59B      59B        C         0
                text40                               26       26      1D8         0
                text39                              5F5      5F5        4         0
                text38                              5F1      5F1        4         0
                text37                              5ED      5ED        4         0
                text36                              5E9      5E9        4         0
                text35                              5E5      5E5        4         0
                text34                              609      609        2         0
                text33                              5E1      5E1        4         0
                text32                              5DD      5DD        4         0
                text31                              607      607        2         0
                text30                              5D9      5D9        4         0
                text29                              5D5      5D5        4         0
                text28                              57D      57D       10         0
                text27                              1FE      1FE       60         0
                text26                              5D1      5D1        4         0
                text25                              3B9      3B9       30         0
                text24                              4C0      4C0       23         0
                text23                              31A      31A       38         0
                text22                              5B6      5B6        7         0
                text21                              5AF      5AF        7         0
                text20                              51B      51B       1B         0
                text19                              387      387       32         0
                text18                              352      352       35         0
                text17                              611      611        1         0
                text16                              498      498       28         0
                text15                              536      536       15         0
                text14                              605      605        2         0
                text13                              56D      56D       10         0
                text12                              610      610        1         0
                text11                              60F      60F        1         0
                text10                              60E      60E        1         0
                text9                               55C      55C       11         0
                text8                               2BC      2BC       5E         0
                text7                               60D      60D        1         0
                text6                               54B      54B       11         0
                text5                               60C      60C        1         0
                text4                               60B      60B        1         0
                text3                               25E      25E       5E         0
                text2                               4FF      4FF       1C         0
                text1                               4E3      4E3       1C         0
                maintext                            417      417       2D         0
                clrtext                             5A7      5A7        8         0
                idataBANK0                          5BD      5BD        5         0

        CLASS   STRCODE        

        CLASS   STRING         

        CLASS   CONST          

        CLASS   ENTRY          

        CLASS   COMMON         
                cstackCOMMON                         70       70        C         1
                bssCOMMON                            7C       7C        2         1

        CLASS   BANK0          
                cstackBANK0                          64       64        5         1
                dataBANK0                            5F       5F        5         1
                bssBANK0                             20       20       3F         1

        CLASS   BANK1          
                bssBANK1                             A0       A0        8         1

        CLASS   BANK2          

        CLASS   RAM            

        CLASS   ABS1           
                abs_s1                               7E       7E        2         1

        CLASS   SFR0           

        CLASS   SFR1           

        CLASS   SFR2           

        CLASS   SFR3           

        CLASS   CONFIG         
                config                             2007     2007        1         4

        CLASS   IDLOC          

        CLASS   EEDATA         

        CLASS   BANK3          

        CLASS   HEAP           

        CLASS   STACK          



SEGMENTS        Name                           Load    Length   Top    Selector   Space  Class     Delta

                reset_vec                      000000  000001  000001         0       0  CODE        2
                intentry                       000004  000610  000614         8       0  CODE        2
                bssBANK0                       000020  000049  000069        20       1  BANK0       1
                cstackCOMMON                   000070  00000E  00007E        70       1  COMMON      1
                bssBANK1                       0000A0  000008  0000A8        A0       1  BANK1       1


UNUSED ADDRESS RANGES

        Name                Unused          Largest block    Delta
        BANK0            0069-006F              7           1
        BANK1            00A8-00EF             48           1
        BANK2            0120-014F             30           1
        CODE             0001-0003              3           2
                         0614-07FF            1EC
        CONST            0001-0003              3           2
                         0614-07FF             EC
        EEDATA           2100-217F             80           2
        ENTRY            0001-0003              3           2
                         0614-07FF             EC
        IDLOC            2000-2003              4           2
        RAM              0069-006F              7           1
                         00A8-00EF             48
                         0120-014F             30
        SFR0             0000-001F             20           1
        SFR1             0080-009F             20           1
        SFR2             0100-011F             20           1
        SFR3             0180-01EF             70           1
        STRCODE          0001-0003              3           2
                         0614-07FF            1EC
        STRING           0001-0003              3           2
                         0614-07FF             EC

                                  Symbol Table

?_k_task_is_scheduled                                 cstackBANK0  0064
?_k_task_is_scheduled_user                            cstackBANK0  0064
_BRGH                                                 (abs)        04C2
_CMCON                                                (abs)        001F
_CREN                                                 (abs)        00C4
_ConfigureOscillator                                  text17       0611
_FERR                                                 (abs)        00C2
_GIE                                                  (abs)        005F
_InitApp                                              text16       0498
_OERR                                                 (abs)        00C1
_OPTION_REG                                           (abs)        0081
_PEIE                                                 (abs)        005E
_PIE1bits                                             (abs)        008C
_PIR1bits                                             (abs)        000C
_PORTA                                                (abs)        0005
_PORTB                                                (abs)        0006
_RA0                                                  (abs)        0028
_RA1                                                  (abs)        0029
_RA2                                                  (abs)        002A
_RCIE                                                 (abs)        0465
_RCREG                                                (abs)        001A
_SPBRG                                                (abs)        0099
_SPEN                                                 (abs)        00C7
_SYNC                                                 (abs)        04C4
_T0IE                                                 (abs)        005D
_T0IF                                                 (abs)        005A
_TMR0                                                 (abs)        0001
_TRISA                                                (abs)        0085
_TRISB                                                (abs)        0086
_TRMT                                                 (abs)        04C1
_TXEN                                                 (abs)        04C5
_TXIE                                                 (abs)        0464
_TXREG                                                (abs)        0019
__H__absolute__                                       __absolute__ 0000
__Habs1                                               abs1         0000
__Hbank0                                              bank0        0000
__Hbank1                                              bank1        0000
__Hbank2                                              bank2        0000
__Hbank3                                              bank3        0000
__HbssBANK0                                           bssBANK0     0000
__HbssBANK1                                           bssBANK1     0000
__HbssCOMMON                                          bssCOMMON    0000
__Hcinit                                              cinit        0026
__Hclrtext                                            clrtext      0000
__Hcode                                               code         0000
__Hcommon                                             common       0000
__Hconfig                                             config       2008
__HcstackBANK0                                        cstackBANK0  0000
__HcstackCOMMON                                       cstackCOMMON 0000
__HdataBANK0                                          dataBANK0    0000
__Heeprom_data                                        eeprom_data  0000
__Hend_init                                           end_init     000F
__Hfunctab                                            functab      0000
__Hheap                                               heap         0000
__HidataBANK0                                         idataBANK0   0000
__Hinit                                               init         000E
__Hintentry                                           intentry     000E
__Hmaintext                                           maintext     0000
__Hpowerup                                            powerup      0000
__Hram                                                ram          0000
__Hreset_vec                                          reset_vec    0001
__Hsfr0                                               sfr0         0000
__Hsfr1                                               sfr1         0000
__Hsfr2                                               sfr2         0000
__Hsfr3                                               sfr3         0000
__Hsivt                                               sivt         000E
__Hspace_0                                            (abs)        0614
__Hspace_1                                            (abs)        00A8
__Hspace_2                                            (abs)        0000
__Hspace_3                                            (abs)        0000
__Hspace_4                                            (abs)        400F
__Hstack                                              stack        0000
__Hstrings                                            strings      0000
__Htext                                               text         0000
__L__absolute__                                       __absolute__ 0000
__Labs1                                               abs1         0000
__Lbank0                                              bank0        0000
__Lbank1                                              bank1        0000
__Lbank2                                              bank2        0000
__Lbank3                                              bank3        0000
__LbssBANK0                                           bssBANK0     0000
__LbssBANK1                                           bssBANK1     0000
__LbssCOMMON                                          bssCOMMON    0000
__Lcinit                                              cinit        000F
__Lclrtext                                            clrtext      0000
__Lcode                                               code         0000
__Lcommon                                             common       0000
__Lconfig                                             config       0000
__LcstackBANK0                                        cstackBANK0  0000
__LcstackCOMMON                                       cstackCOMMON 0000
__LdataBANK0                                          dataBANK0    0000
__Leeprom_data                                        eeprom_data  0000
__Lend_init                                           end_init     000E
__Lfunctab                                            functab      0000
__Lheap                                               heap         0000
__LidataBANK0                                         idataBANK0   0000
__Linit                                               init         000E
__Lintentry                                           intentry     0004
__Lmaintext                                           maintext     0000
__Lpowerup                                            powerup      0000
__Lram                                                ram          0000
__Lreset_vec                                          reset_vec    0000
__Lsfr0                                               sfr0         0000
__Lsfr1                                               sfr1         0000
__Lsfr2                                               sfr2         0000
__Lsfr3                                               sfr3         0000
__Lsivt                                               sivt         000E
__Lspace_0                                            (abs)        0000
__Lspace_1                                            (abs)        0000
__Lspace_2                                            (abs)        0000
__Lspace_3                                            (abs)        0000
__Lspace_4                                            (abs)        0000
__Lstack                                              stack        0000
__Lstrings                                            strings      0000
__Ltext                                               text         0000
__S0                                                  (abs)        0614
__S1                                                  (abs)        00A8
__S3                                                  (abs)        0000
___heap_hi                                            (abs)        0000
___heap_lo                                            (abs)        0000
___int_sp                                             stack        0000
___int_stack_hi                                       stack        0000
___int_stack_lo                                       stack        0000
___latbits                                            (abs)        0000
___sp                                                 stack        0000
___stack_hi                                           stack        0000
___stack_lo                                           stack        0000
___stackhi                                            (abs)        0000
___stacklo                                            (abs)        0000
__end_of_ConfigureOscillator                          text17       0612
__end_of_InitApp                                      text16       04C0
__end_of__initialization                              cinit        0024
__end_of_isr                                          text18       0387
__end_of_k_alarm                                      text42       05FD
__end_of_k_command                                    text27       025E
__end_of_k_command_user                               text40       01FE
__end_of_k_fault                                      text26       05D5
__end_of_k_getchar                                    text25       03E9
__end_of_k_getchar_fill_buff                          text53       0417
__end_of_k_idle                                       text14       0607
__end_of_k_putchar                                    text41       05A7
__end_of_k_rt_task_100ms                              text48       05D1
__end_of_k_rt_task_100ms_user                         text47       0614
__end_of_k_rt_task_1s                                 text46       05CC
__end_of_k_rt_task_1s_user                            text45       0613
__end_of_k_rt_task_20ms                               text44       05C7
__end_of_k_rt_task_20ms_user                          text43       059B
__end_of_k_rt_task_4ms_isr_entry                      text19       03B9
__end_of_k_rt_task_4ms_user                           text24       04E3
__end_of_k_schedule_task                              text51       0498
__end_of_k_schedule_task_user                         text49       046E
__end_of_k_st_task_100ms                              text12       0611
__end_of_k_st_task_100ms_user                         text7        060E
__end_of_k_st_task_1s                                 text11       0610
__end_of_k_st_task_1s_user                            text6        055C
__end_of_k_st_task_20ms                               text10       060F
__end_of_k_st_task_20ms_user                          text5        060D
__end_of_k_st_task_4ms                                text9        056D
__end_of_k_st_task_4ms_user                           text4        060C
__end_of_k_stack_full                                 text52       0605
__end_of_k_stack_full_user                            text50       0601
__end_of_k_systat_init                                text13       057D
__end_of_k_systat_load_rt_task_avg                    text39       05F9
__end_of_k_systat_load_rt_task_calc                   text23       0352
__end_of_k_systat_load_rt_task_in                     text22       05BD
__end_of_k_systat_load_rt_task_max                    text38       05F5
__end_of_k_systat_load_rt_task_min                    text37       05F1
__end_of_k_systat_load_rt_task_out                    text21       05B6
__end_of_k_systat_load_rt_tmr_monitor                 text15       054B
__end_of_k_systat_load_rt_tmr_reload                  text36       05ED
__end_of_k_systat_load_rt_tmr_rollover                text35       05E9
__end_of_k_systat_load_st_task_avail                  text34       060B
__end_of_k_systat_load_st_task_max                    text33       05E5
__end_of_k_systat_load_st_task_min                    text32       05E1
__end_of_k_systat_update_status                       text20       0536
__end_of_k_task_handler                               text8        031A
__end_of_k_task_handler_user                          text3        02BC
__end_of_k_task_is_scheduled                          text2        051B
__end_of_k_task_is_scheduled_user                     text1        04FF
__end_of_main                                         maintext     0444
__end_of_u_systat_load_st_task_avail                  text31       0609
__end_of_u_systat_load_st_task_max                    text30       05DD
__end_of_u_systat_load_st_task_min                    text29       05D9
__end_ofi1_k_systat_init                              text28       058D
__initialization                                      cinit        000F
__pbssBANK0                                           bssBANK0     0020
__pbssBANK1                                           bssBANK1     00A0
__pbssCOMMON                                          bssCOMMON    007C
__pcstackBANK0                                        cstackBANK0  0064
__pcstackCOMMON                                       cstackCOMMON 0070
__pdataBANK0                                          dataBANK0    005F
__pidataBANK0                                         idataBANK0   05BD
__pintentry                                           intentry     0004
__pmaintext                                           maintext     0417
__ptext1                                              text1        04E3
__ptext10                                             text10       060E
__ptext11                                             text11       060F
__ptext12                                             text12       0610
__ptext13                                             text13       056D
__ptext14                                             text14       0605
__ptext15                                             text15       0536
__ptext16                                             text16       0498
__ptext17                                             text17       0611
__ptext18                                             text18       0352
__ptext19                                             text19       0387
__ptext2                                              text2        04FF
__ptext20                                             text20       051B
__ptext21                                             text21       05AF
__ptext22                                             text22       05B6
__ptext23                                             text23       031A
__ptext24                                             text24       04C0
__ptext25                                             text25       03B9
__ptext26                                             text26       05D1
__ptext27                                             text27       01FE
__ptext28                                             text28       057D
__ptext29                                             text29       05D5
__ptext3                                              text3        025E
__ptext30                                             text30       05D9
__ptext31                                             text31       0607
__ptext32                                             text32       05DD
__ptext33                                             text33       05E1
__ptext34                                             text34       0609
__ptext35                                             text35       05E5
__ptext36                                             text36       05E9
__ptext37                                             text37       05ED
__ptext38                                             text38       05F1
__ptext39                                             text39       05F5
__ptext4                                              text4        060B
__ptext40                                             text40       0026
__ptext41                                             text41       059B
__ptext42                                             text42       05F9
__ptext43                                             text43       058D
__ptext44                                             text44       05C2
__ptext45                                             text45       0612
__ptext46                                             text46       05C7
__ptext47                                             text47       0613
__ptext48                                             text48       05CC
__ptext49                                             text49       0444
__ptext5                                              text5        060C
__ptext50                                             text50       05FD
__ptext51                                             text51       046E
__ptext52                                             text52       0601
__ptext53                                             text53       03E9
__ptext6                                              text6        054B
__ptext7                                              text7        060D
__ptext8                                              text8        02BC
__ptext9                                              text9        055C
_act_stack                                            bssBANK0     005A
_act_stack_max                                        bssBANK0     0053
_act_stack_min                                        dataBANK0    0062
_act_stack_user                                       bssBANK0     0054
_act_stack_user_max                                   bssBANK0     0052
_act_stack_user_min                                   dataBANK0    0061
_isr                                                  text18       0352
_k_alarm                                              text42       05F9
_k_alarm_word                                         bssBANK0     005D
_k_command                                            text27       01FE
_k_command_user                                       text40       0026
_k_fault                                              text26       05D1
_k_fault_word                                         bssBANK0     005E
_k_getchar                                            text25       03B9
_k_getchar_fill_buff                                  text53       03E9
_k_idle                                               text14       0605
_k_putchar                                            text41       059B
_k_rt_task_100ms                                      text48       05CC
_k_rt_task_100ms_user                                 text47       0613
_k_rt_task_1s                                         text46       05C7
_k_rt_task_1s_user                                    text45       0612
_k_rt_task_20ms                                       text44       05C2
_k_rt_task_20ms_user                                  text43       058D
_k_rt_task_4ms_isr_entry                              text19       0387
_k_rt_task_4ms_user                                   text24       04C0
_k_sched_ptr_begin                                    bssBANK0     005C
_k_sched_ptr_end                                      bssBANK0     005B
_k_schedule_task                                      text51       046E
_k_schedule_task_user                                 text49       0444
_k_st_task_100ms                                      text12       0610
_k_st_task_100ms_user                                 text7        060D
_k_st_task_1s                                         text11       060F
_k_st_task_1s_user                                    text6        054B
_k_st_task_20ms                                       text10       060E
_k_st_task_20ms_user                                  text5        060C
_k_st_task_4ms                                        text9        055C
_k_st_task_4ms_user                                   text4        060B
_k_stack_full                                         text52       0601
_k_stack_full_user                                    text50       05FD
_k_status_word                                        dataBANK0    0063
_k_systat_init                                        text13       056D
_k_systat_load_rt_avg                                 bssBANK0     004E
_k_systat_load_rt_entry                               bssBANK0     0051
_k_systat_load_rt_exit                                bssBANK0     0050
_k_systat_load_rt_max                                 bssBANK0     004F
_k_systat_load_rt_min                                 dataBANK0    0060
_k_systat_load_rt_task_avg                            text39       05F5
_k_systat_load_rt_task_calc                           text23       031A
_k_systat_load_rt_task_in                             text22       05B6
_k_systat_load_rt_task_max                            text38       05F1
_k_systat_load_rt_task_min                            text37       05ED
_k_systat_load_rt_task_out                            text21       05AF
_k_systat_load_rt_tmr_monitor                         text15       0536
_k_systat_load_rt_tmr_reload                          text36       05E9
_k_systat_load_rt_tmr_reload_value                    dataBANK0    005F
_k_systat_load_rt_tmr_roll                            bssBANK0     004D
_k_systat_load_rt_tmr_rollover                        text35       05E5
_k_systat_load_st_task_avail                          text34       0609
_k_systat_load_st_task_max                            text33       05E1
_k_systat_load_st_task_min                            text32       05DD
_k_systat_update_status                               text20       051B
_k_task_handler                                       text8        02BC
_k_task_handler_user                                  text3        025E
_k_task_is_scheduled                                  text2        04FF
_k_task_is_scheduled$241                              cstackBANK0  0068
_k_task_is_scheduled_user                             text1        04E3
_k_task_is_scheduled_user$243                         cstackBANK0  0068
_main                                                 maintext     0417
_nRBPU                                                (abs)        040F
_rx_b_ptr                                             bssBANK0     0042
_rx_buffer                                            bssBANK1     00A0
_rx_content                                           bssBANK0     0048
_rx_e_ptr                                             bssBANK0     0040
_scheduler_stack                                      bssBANK0     0030
_scheduler_stack_user                                 bssBANK0     0020
_t100ms                                               bssBANK0     0058
_t1s                                                  bssBANK0     0057
_t20ms                                                bssBANK0     0059
_u_sched_ptr_begin                                    bssBANK0     0056
_u_sched_ptr_end                                      bssBANK0     0055
_u_systat_load_st_task_avail                          text31       0607
_u_systat_load_st_task_max                            text30       05D9
_u_systat_load_st_task_min                            text29       05D5
btemp                                                 (abs)        007E
clear_ram0                                            clrtext      05A7
end_of_initialization                                 cinit        0024
i1_k_systat_init                                      text28       057D
interrupt_function                                    intentry     0004
intlevel0                                             functab      0000
intlevel1                                             functab      0000
intlevel2                                             functab      0000
intlevel3                                             functab      0000
intlevel4                                             functab      0000
intlevel5                                             functab      0000
isr@rx                                                cstackCOMMON 007B
k_command@ci                                          cstackCOMMON 0075
k_command_user@byte_0                                 bssCOMMON    007C
k_command_user@byte_1                                 bssCOMMON    007D
k_command_user@byte_2                                 bssBANK0     004B
k_command_user@ci                                     cstackCOMMON 0074
k_command_user@loop_cnt                               bssBANK0     004A
k_command_user@rv_l                                   cstackCOMMON 0072
k_command_user@rv_l_345                               cstackCOMMON 0073
k_command_user@state                                  bssBANK0     004C
k_getchar@rv                                          cstackCOMMON 0070
k_getchar_fill_buff@c_in                              cstackCOMMON 0070
k_putchar@ci                                          cstackCOMMON 0070
k_rt_task_4ms_user@ci                                 cstackCOMMON 0076
k_schedule_task@task                                  cstackCOMMON 0070
k_schedule_task_user@task                             cstackCOMMON 0070
k_st_task_1s_user@ra0                                 bssBANK0     0044
k_st_task_4ms@ra1                                     bssBANK0     0046
k_systat_load_rt_task_calc@k_systat_load_rt_delta     cstackCOMMON 0075
k_systat_load_rt_task_calc@loc_k_systat_load_rt_entry cstackCOMMON 0074
k_systat_load_rt_task_calc@loc_k_systat_load_rt_exit  cstackCOMMON 0073
k_systat_load_rt_task_in@tmr                          cstackCOMMON 0070
k_systat_load_rt_task_out@tmr                         cstackCOMMON 0070
k_systat_load_rt_tmr_monitor@tmr                      cstackBANK0  0064
reset_vec                                             reset_vec    0000
saved_w                                               (abs)        007E
start                                                 init         000E
start_initialization                                  cinit        000F
wtemp0                                                (abs)        007E


MODULE INFORMATION

Module		Function		Class		Link	Load	Size
k_rt_v2.1/k_rt_core.c
		_k_systat_load_rt_task_calc		CODE           	031A	0000	56
		_k_task_handler_user		CODE           	025E	0000	94
		_k_command     		CODE           	01FE	0000	96
		_k_fault       		CODE           	05D1	0000	4
		_k_schedule_task_user		CODE           	0444	0000	42
		_k_systat_load_rt_task_in		CODE           	05B6	0000	7
		_k_systat_init 		CODE           	056D	0000	16
		_k_rt_task_1s  		CODE           	05C7	0000	5
		_k_st_task_1s  		CODE           	060F	0000	1
		_k_systat_load_rt_task_out		CODE           	05AF	0000	7
		_k_systat_load_rt_tmr_rollover		CODE           	05E5	0000	4
		_k_st_task_4ms 		CODE           	055C	0000	17
		_k_systat_load_rt_tmr_reload		CODE           	05E9	0000	4
		_k_task_is_scheduled		CODE           	04FF	0000	28
		_k_rt_task_20ms		CODE           	05C2	0000	5
		_k_st_task_20ms		CODE           	060E	0000	1
		_k_systat_load_rt_tmr_monitor		CODE           	0536	0000	21
		_k_stack_full  		CODE           	0601	0000	4
		_k_alarm       		CODE           	05F9	0000	4
		_k_systat_load_rt_task_avg		CODE           	05F5	0000	4
		_k_rt_task_100ms		CODE           	05CC	0000	5
		_k_systat_load_st_task_avail		CODE           	0609	0000	2
		_k_systat_update_status		CODE           	051B	0000	27
		_k_task_is_scheduled_user		CODE           	04E3	0000	28
		_k_st_task_100ms		CODE           	0610	0000	1
		_k_idle        		CODE           	0605	0000	2
		_k_schedule_task		CODE           	046E	0000	42
		_u_systat_load_st_task_avail		CODE           	0607	0000	2
		_k_rt_task_4ms_isr_entry		CODE           	0387	0000	50
		_k_task_handler		CODE           	02BC	0000	94
		_k_systat_load_rt_task_min		CODE           	05ED	0000	4
		_k_systat_load_rt_task_max		CODE           	05F1	0000	4
		_k_systat_load_st_task_min		CODE           	05DD	0000	4
		_k_systat_load_st_task_max		CODE           	05E1	0000	4
		_k_stack_full_user		CODE           	05FD	0000	4
		_u_systat_load_st_task_min		CODE           	05D5	0000	4
		_u_systat_load_st_task_max		CODE           	05D9	0000	4

k_rt_v2.1/k_rt_core.c estimated size: 701

interrupts.c
		_isr           		CODE           	0352	0000	53

interrupts.c estimated size: 53

shared
		__initialization		CODE           	000F	0000	21
		i1_k_systat_init		CODE           	057D	0000	16

shared estimated size: 37

user.c
		_InitApp       		CODE           	0498	0000	40

user.c estimated size: 40

main.c
		_main          		CODE           	0417	0000	45

main.c estimated size: 45

system.c
		_ConfigureOscillator		CODE           	0611	0000	1

system.c estimated size: 1

k_rt_v2.1/k_rt_user.c
		_k_rt_task_100ms_user		CODE           	0613	0000	1
		_k_st_task_100ms_user		CODE           	060D	0000	1
		_k_command_user		CODE           	0026	0000	472
		_k_rt_task_1s_user		CODE           	0612	0000	1
		_k_st_task_1s_user		CODE           	054B	0000	17
		_k_rt_task_20ms_user		CODE           	058D	0000	14
		_k_st_task_20ms_user		CODE           	060C	0000	1
		_k_putchar     		CODE           	059B	0000	12
		_k_getchar_fill_buff		CODE           	03E9	0000	46
		_k_rt_task_4ms_user		CODE           	04C0	0000	35
		_k_st_task_4ms_user		CODE           	060B	0000	1
		_k_getchar     		CODE           	03B9	0000	48

k_rt_v2.1/k_rt_user.c estimated size: 649

